<html>
<body>
<pre>
<h1>µVision Build Log</h1>
<h2>Tool Versions:</h2>
IDE-Version: ¦ÌVision V5.39.0.0
Copyright (C) 2023 ARM Ltd and ARM Germany GmbH. All rights reserved.
License Information: 11 15pro, 111, LIC=SDA0P-MMTGA-IIC5V-PCWK8-9XMR7-U4URS
 
Tool Versions:
Toolchain:       MDK-ARM Plus  Version: 5.39.0.0
Toolchain Path:  D:\Keil5\ARM\ARMCLANG\Bin
C Compiler:      ArmClang.exe V6.21
Assembler:       Armasm.exe V6.21
Linker/Locator:  ArmLink.exe V6.21
Library Manager: ArmAr.exe V6.21
Hex Converter:   FromElf.exe V6.21
CPU DLL:         SARMCM3.DLL V5.39.0.0
Dialog DLL:      DCM.DLL V1.17.5.0
Target DLL:      STLink\ST-LINKIII-KEIL_SWO.dll V3.2.0.0
Dialog DLL:      TCM.DLL V1.56.4.0
 
<h2>Project:</h2>
D:\GithubProject\R2_YEZI\yezi_R2\R2_Lift_auto\MDK-ARM\My_Princess_cpp.uvprojx
Project File Date:  04/03/2026

<h2>Output:</h2>
*** Using Compiler 'V6.21', folder: 'D:\Keil5\ARM\ARMCLANG\Bin'
Build target 'My_Princess_cpp'
assembling startup_stm32h723xx.s...
compiling fdcan.c...
compiling dma.c...
compiling freertos.c...
compiling usb_device.c...
compiling usart.c...
compiling stm32h7xx_hal_msp.c...
compiling spi.c...
compiling usbd_desc.c...
compiling stm32h7xx_it.c...
compiling stm32h7xx_hal_timebase_tim.c...
compiling usbd_cdc_if.c...
compiling gpio.c...
compiling main.c...
compiling usbd_conf.c...
compiling stm32h7xx_hal_pcd.c...
compiling stm32h7xx_hal_pcd_ex.c...
compiling stm32h7xx_hal_tim_ex.c...
compiling stm32h7xx_hal_flash.c...
compiling stm32h7xx_hal_hsem.c...
compiling stm32h7xx_hal_gpio.c...
compiling stm32h7xx_hal_flash_ex.c...
compiling stm32h7xx_hal_dma_ex.c...
compiling stm32h7xx_hal_rcc.c...
compiling stm32h7xx_hal_mdma.c...
compiling stm32h7xx_ll_usb.c...
compiling stm32h7xx_hal_rcc_ex.c...
compiling stm32h7xx_hal_dma.c...
compiling stm32h7xx_hal_tim.c...
compiling stm32h7xx_hal_pwr.c...
compiling stm32h7xx_hal_cortex.c...
compiling stm32h7xx_hal_pwr_ex.c...
compiling stm32h7xx_hal_i2c_ex.c...
compiling stm32h7xx_hal_exti.c...
compiling stm32h7xx_hal.c...
compiling stm32h7xx_hal_spi_ex.c...
compiling system_stm32h7xx.c...
compiling stm32h7xx_hal_uart_ex.c...
compiling stm32h7xx_hal_spi.c...
compiling usbd_core.c...
compiling stm32h7xx_hal_i2c.c...
compiling stm32h7xx_hal_uart.c...
compiling usbd_ioreq.c...
compiling stm32h7xx_hal_fdcan.c...
compiling usbd_ctlreq.c...
compiling usbd_cdc.c...
compiling croutine.c...
compiling event_groups.c...
compiling plan_route.cpp...
compiling omni_chassis.cpp...
compiling list.c...
compiling PID.cpp...
compiling bsp_can.cpp...
compiling timers.c...
Bsp/bsp_usart.cpp(29): warning: using the result of an assignment as a condition without parentheses [-Wparentheses]
   29 |     if (len = UART_BUFNUM_DM) {
      |         ~~~~^~~~~~~~~~~~~~~~
Bsp/bsp_usart.cpp(29): note: place parentheses around the assignment to silence this warning
   29 |     if (len = UART_BUFNUM_DM) {
      |             ^               
      |         (                   )
Bsp/bsp_usart.cpp(29): note: use '==' to turn this assignment into an equality comparison
   29 |     if (len = UART_BUFNUM_DM) {
      |             ^
      |             ==
1 warning generated.
compiling bsp_usart.cpp...
compiling bsp_dwt.cpp...
compiling dm_imu.cpp...
compiling port.c...
compiling heap_4.c...
compiling tasks.c...
compiling stream_buffer.c...
compiling queue.c...
compiling cmsis_os2.c...
compiling chassis_task.cpp...
compiling lift_class.cpp...
compiling usart_task.cpp...
compiling bsp_remove.cpp...
compiling lift_auto.cpp...
compiling MiniPC.cpp...
compiling yun_J60.cpp...
compiling Emm_V5.cpp...
compiling DT35.cpp...
compiling VescMotor.cpp...
compiling dji_motor.cpp...
Device/Motor/dm_motor.cpp(20): warning: array designators are a C99 extension [-Wc99-designator]
   20 |         [0] = {
      |         ^~~
1 warning generated.
compiling dm_motor.cpp...
compiling laser_distance.cpp...
linking...
Program Size: Code=100008 RO-data=1728 RW-data=804 ZI-data=63452  
FromELF: creating hex file...
"My_Princess_cpp\My_Princess_cpp.axf" - 0 Error(s), 2 Warning(s).

<h2>Software Packages used:</h2>

Package Vendor: ARM
                http://www.keil.com/pack/ARM.CMSIS.5.9.0.pack
                ARM::CMSIS@5.9.0
                CMSIS (Common Microcontroller Software Interface Standard)
   * Component: CORE Version: 5.6.0

Package Vendor: Keil
                https://www.keil.com/pack/Keil.STM32H7xx_DFP.4.1.2.pack
                Keil::STM32H7xx_DFP@4.1.2
                STMicroelectronics STM32H7 Series Device Support

<h2>Collection of Component include folders:</h2>
  ./RTE/_My_Princess_cpp
  D:/Keil5/Packs/ARM/CMSIS/5.9.0/CMSIS/Core/Include

<h2>Collection of Component Files used:</h2>

   * Component: ARM::CMSIS:CORE@5.6.0
      Include file:  CMSIS/Core/Include/tz_context.h
Build Time Elapsed:  00:00:04
</pre>
</body>
</html>
