<html>
<body>
<pre>
<h1>µVision Build Log</h1>
<h2>Tool Versions:</h2>
IDE-Version: ¦ÌVision V5.43.1.0
Copyright (C) 2025 ARM Ltd and ARM Germany GmbH. All rights reserved.
License Information: 11 15pro, 111, LIC=SDA0P-MMTGA-IIC5V-PCWK8-9XMR7-U4URS
 
Tool Versions:
Toolchain:       MDK-ARM Plus  Version: 5.43.0.0
Toolchain Path:  D:\Keil5\ARM\ARMCLANG\Bin
C Compiler:      ArmClang.exe V6.24
Assembler:       Armasm.exe V6.24
Linker/Locator:  ArmLink.exe V6.24
Library Manager: ArmAr.exe V6.24
Hex Converter:   FromElf.exe V6.24
CPU DLL:         SARMCM3.DLL V5.43.0.0
Dialog DLL:      DCM.DLL V1.17.5.0
Target DLL:      CMSIS_AGDI.dll V1.33.24.0
Dialog DLL:      TCM.DLL V1.56.6.0
 
<h2>Project:</h2>
D:\GithubProject\R2_YEZI\yezi_R2\R2_Lift_auto\MDK-ARM\My_Princess_cpp.uvprojx
Project File Date:  04/23/2026

<h2>Output:</h2>
*** Using Compiler 'V6.24', folder: 'D:\Keil5\ARM\ARMCLANG\Bin'
Build target 'My_Princess_cpp'
compiling usbd_cdc_if.c...
compiling stm32h7xx_it.c...
assembling startup_stm32h723xx.s...
compiling gpio.c...
compiling spi.c...
compiling main.c...
compiling usart.c...
compiling MiniPC.cpp...
compiling usart_task.cpp...
compiling lift_class.cpp...
compiling dm_imu.cpp...
Bsp/bsp_usart.cpp(29): warning: using the result of an assignment as a condition without parentheses [-Wparentheses]
   29 |     if (len = UART_BUFNUM_DM) {
      |         ~~~~^~~~~~~~~~~~~~~~
Bsp/bsp_usart.cpp(29): note: place parentheses around the assignment to silence this warning
   29 |     if (len = UART_BUFNUM_DM) {
      |             ^               
      |         (                   )
Bsp/bsp_usart.cpp(29): note: use '==' to turn this assignment into an equality comparison
   29 |     if (len = UART_BUFNUM_DM) {
      |             ^
      |             ==
1 warning generated.
compiling bsp_usart.cpp...
compiling chassis_task.cpp...
compiling route_task.cpp...
compiling AS5047P.cpp...
compiling bsp_remove.cpp...
compiling yun_J60.cpp...
compiling dji_motor.cpp...
compiling laser_distance.cpp...
Device/Motor/dm_motor.cpp(21): warning: array designators are a C99 extension [-Wc99-designator]
   21 |         [0] = {
      |         ^~~
1 warning generated.
compiling dm_motor.cpp...
compiling VescMotor.cpp...
compiling Emm_V5.cpp...
compiling plan_route.cpp...
compiling DT35.cpp...
compiling meiling.cpp...
compiling lift_auto.cpp...
linking...
Program Size: Code=113528 RO-data=2308 RW-data=756 ZI-data=63828  
FromELF: creating hex file...
"My_Princess_cpp\My_Princess_cpp.axf" - 0 Error(s), 2 Warning(s).

<h2>Software Packages used:</h2>

Package Vendor: ARM
                https://www.keil.com/pack/ARM.CMSIS.6.3.0.pack
                ARM::CMSIS@6.3.0
                CMSIS (Common Microcontroller Software Interface Standard)
   * Component: CORE Version: 6.2.0

Package Vendor: Keil
                https://www.keil.com/pack/Keil.STM32H7xx_DFP.4.1.2.pack
                Keil::STM32H7xx_DFP@4.1.2
                STMicroelectronics STM32H7 Series Device Support

<h2>Collection of Component include folders:</h2>
  ./RTE/_My_Princess_cpp
  D:/Keil5/Packs/ARM/CMSIS/6.3.0/CMSIS/Core/Include

<h2>Collection of Component Files used:</h2>

   * Component: ARM::CMSIS:CORE@6.2.0
      Include file:  CMSIS/Core/Include/tz_context.h
Build Time Elapsed:  00:00:02
</pre>
</body>
</html>
